I001
E501 Line too long (123 > 120 characters)
I001
I001
I001
F401
I001
F401
I001
I001
I001
F401
E501 Line too long (127 > 120 characters)
E501 Line too long (129 > 120 characters)
E501 Line too long (128 > 120 characters)
E501 Line too long (141 > 120 characters)
E501 Line too long (132 > 120 characters)
E501 Line too long (127 > 120 characters)
I001
F401
F401
F401
I001
F401
F401
I001
F401
F401
I001
F401
I001
I001
I001
I001
I001
F401
I001
I001
I001
I001
I001
I001
I001
I001
I001
I001
I001
I001
I001
I001
I001
I001
I001
I001
I001
I001
I001
I001
I001
F401
F401
F401
F601
F401
F401
I001
F401
I001
F401
I001
F401
F401
F401
F401
I001
F401
I001
F401
F401
I001
I001
I001
I001
I001
C403
C403
I001
I001
I001
I001
I001
I001
I001
I001
I001
I001
I001
I001
I001
I001
I001
I001
I001
I001
I001
I001
I001
F401
F401
F401
F401
F401
F401
F401
I001
I001
I001
I001
I001
I001
I001
I001
I001
I001
I001
I001
F401
F401
F401
F401
F401
F401
F401
I001
I001
I001
I001
I001
I001
I001
I001
I001
I001
I001
I001
I001
I001
I001
I001
I001
I001
I001
I001
F401
F401
I001
I001
I001
I001
I001
I001
C408
I001
I001
I001
I001
I001
I001
I001
C417 Unnecessary `map` usage (rewrite using a `list` comprehension)
C417 Unnecessary `map` usage (rewrite using a generator expression)
I001
C408
I001
I001
I001
I001
C408
I001
F401
F401
F401
F401
F401
F401
F401
F401
F401
F401
F401
F401
F401
F401
F401
F401
F401
F401
F401
C403
C408
F401
B008 Do not perform function call in argument defaults
E501 Line too long (142 > 120 characters)
E501 Line too long (171 > 120 characters)
C403
C403
F401
F401
F401
F401
F401
F401
F401
F401
F401
F401
F401
F401
F401
F401
F401
F401
F401
F401
F401
F401
F401
F401
F401
F401
F401
F401
F401
F401
F401
F401
F401
F401
F401
E501 Line too long (138 > 120 characters)
E501 Line too long (167 > 120 characters)
F401
F401
F401
F401
F401
I001
I001
I001
C416
C416
C416
C416
C416
C416
C416
C416
C416
C416
C416
C416
C416
C416
C416
C416
I001
I001
I001
I001
I001
I001
C416
C416
C416
C416
C416
C416
C416
C416
C416
C416
I001
F401
I001
I001
I001
I001
I001
I001
I001
I001
I001
I001
C416
C416
I001
I001
I001
I001
I001
I001
I001
I001
I001
I001
I001
I001
I001
I001
I001
I001
I001
I001
I001
I001
I001
I001
I001
F401
I001
C403
C403
I001
I001
I001
I001
I001
I001
I001
I001
C408
C408
C408
C408
C408
C408
C408
C408
C408
C408
C408
C408
C408
C408
C408
C408
C408
C408
C408
C408
C408
C408
C408
C408
C408
C408
C408
C408
C408
C408
I001
I001
F401
F401
F401
F401
F401
F401
F401
F401
F401
F401
F401
C413
C408
C408
C408
C408
C403
C408
C403
C405
C405
C403
C408
C403
C416
C408
C408
F401
C417 Unnecessary `map` usage (rewrite using a `list` comprehension)
C417 Unnecessary `map` usage (rewrite using a generator expression)
I001
I001
I001
I001
I001
I001
I001
I001
I001
I001
I001
I001
I001
I001
I001
I001
I001
I001
I001
I001
I001
I001
I001
I001
F401
F401
I001
F401
F401
F401
F401
I001
I001
C408
I001
I001
I001
F401
F401
I001
I001
I001
I001
I001
I001
I001
I001
I001
I001
C408
I001
I001
I001
I001
I001
C401
C401
F401
F401
F401
F401
C408
C408
I001
I001
I001
I001
I001
C408
I001
I001
I001
I001
I001
I001
C408
C408
F601
I001
C410
I001
I001
I001
I001
I001
I001
C417 Unnecessary `map` usage (rewrite using a generator expression)
C408
I001
I001
F401
F401
F401
E713
I001
I001
I001
I001
I001
I001
I001
I001
I001
I001
F401
F401
I001
I001
I001
F401
F401
F401
I001
I001
I001
I001
I001
I001
I001
I001
I001
I001
I001
I001
I001
I001
I001
I001
I001
I001
I001
I001
I001
I001
I001
I001
I001
F401
I001
I001
I001
I001
I001
I001
I001
I001
F401
F401
I001
I001
I001
I001
I001
I001
I001
I001
I001
I001
I001
F401
F401
I001
I001
F401
F401
F401
I001
F401
F401
F401
F401
F401
F401
F401
F401
F401
F401
F401
F401
F401
F401
F401
F401
F401
F401
F401
F401
F401
I001
I001
I001
I001
I001
I001
I001
I001
I001
I001
I001
C416
I001
I001
I001
I001
I001
I001
I001
I001
I001
I001
I001
I001
I001
I001
I001
I001
I001
I001
I001
I001
I001
I001
I001
I001
I001
I001
I001
I001
I001
I001
I001
I001
I001
I001
I001
I001
I001
I001
I001
I001
I001
I001
I001
I001
I001
I001
I001
I001
I001
I001
I001
I001
I001
I001
I001
I001
C405
C405
I001
I001
I001
C417 Unnecessary `map` usage (rewrite using a generator expression)
C417 Unnecessary `map` usage (rewrite using a generator expression)
C417 Unnecessary `map` usage (rewrite using a generator expression)
I001
I001
I001
I001
I001
I001
I001
I001
I001
I001
I001
I001
C405
I001
I001
I001
I001
I001
I001
C408
F401
F401
F401
F401
F401
F401
F401
F401
F401
F401
F401
F401
F401
F401
F401
F401
F401
F401
F401
F401
F401
F401
F401
F401
F401
F401
F401
F401
F401
F401
F401
F401
F401
F401
F401
F401
F401
F401
F401
F401
I001
F401
F401
F401
F401
I001
F401
F401
F401
I001
F401
F401
I001
F401
I001
F401
F401
I001
I001
F401
F401
F401
F401
I001
I001
I001
I001
I001
I001
I001
I001
I001
I001
I001
I001
I001
I001
I001
I001
I001
I001
I001
I001
I001
F401
F401
F401
F401
F401
F401
F401
C403
I001
I001
I001
I001
I001
I001
I001
I001
I001
I001
I001
I001
I001
I001
I001
I001
I001
I001
I001
I001
I001
I001
I001
I001
I001
I001
I001
C408
C414 Unnecessary `list` call within `sorted()`
C414 Unnecessary `list` call within `sorted()`
I001
I001
I001
I001
I001
I001
I001
I001
I001
I001
I001
C406
C403
C403
I001
I001
C403
C405
I001
I001
C406
C416
I001
I001
I001
I001
I001
I001
I001
I001
I001
I001
I001
I001
I001
I001
I001
I001
I001
I001
I001
I001
I001
I001
I001
C408
I001
I001
I001
C408
F401
C408
F401
F401
F401
F401
F401
F401
F401
C403
C414 Unnecessary `list` call within `sorted()`
C414 Unnecessary `list` call within `sorted()`
F401
F401
F401
I001
I001
I001
C401
C401
C401
C400
C401
I001
I001
I001
I001
I001
I001
I001
I001
I001
I001
I001
I001
I001
I001
I001
I001
C416
C405
C405
C405
C405
C405
C405
C405
C405
C405
I001
I001
I001
C404
I001
I001
I001
I001
I001
I001
I001
I001
I001
I001
I001
I001
I001
I001
I001
C408
C402
I001
I001
I001
I001
I001
F401
F401
F401
F401
F401
F401
F401
F401
F401
F401
F401
F401
F401
F401
F401
F401
F401
F401
I001
F401
F401
F401
I001
F401
F401
F401
F401
F401
F401
F401
I001
F401
F401
I001
F401
F401
I001
F401
F401
F401
F401
F401
I001
F401
F401
I001
I001
I001
I001
I001
C404
C405
I001
I001
I001
I001
I001
I001
I001
I001
I001
I001
I001
I001
I001
F401
F401
F401
F401
F401
F401
F401
F401
F401
F401
F401
F401
F401
I001
I001
F401
F401
F401
F401
F401
F401
F401
F401
F401
F401
F401
F401
F401
F401
F401
F401
F401
F401
F401
F401
F401
F401
F401
F401
F401
F401
F401
F401
F401
F401
F401
F401
F401
F401
F401
F401
F401
F401
F401
F401
F401
F401
F401
F401
F401
F401
F401
F401
F401
F401
F401
F401
F401
F401
F401
F401
F401
F401
F401
F401
F401
F401
F401
F401
F401
F401
F401
F401
F401
F401
F401
F401
F401
F401
F401
F401
F401
F401
F401
F401
F401
F401
F401
F401
I001
I001
I001
I001
I001
I001
I001
I001
I001
I001
F401
F401
I001
F401
F401
C408
I001
F401
I001
F401
F401
B026 Star-arg unpacking after a keyword argument is strongly discouraged
I001
I001
F401
F401
F401
F401
I001
F401
F401
F401
F401
I001
I001
I001
I001
F401
I001
I001
I001
I001
I001
I001
I001
C401
C401
C401
C401
C401
C401
C403
C401
C401
C401
C403
C403
C403
C403
C401
C401
I001
I001
I001
I001
I001
I001
I001
I001
C403
C403
C405
C405
I001
I001
I001
I001
I001
I001
I001
I001
C408
I001
I001
I001
I001
I001
I001
I001
I001
I001
F401
F401
F401
I001
I001
I001
I001
I001
I001
I001
I001
C408
I001
F401
F401
F401
F401
F401
F401
F401
F401
F401
F401
I001
I001
I001
I001
I001
I001
I001
I001
I001
I001
I001
I001
I001
F401
F401
F401
F401
F401
F401
F401
F401
I001
I001
I001
F401
F401
F401
F401
F401
I001
I001
I001
I001
C416
I001
I001
I001
I001
I001
I001
I001
C405
C405
I001
I001
I001
F401
F401
F401
F401
F401
F401
F401
F401
F401
F401
F401
F401
F401
F401
F401
F401
F401
F401
I001
F401
F401
I001
F401
F401
I001
F401
F401
F401
F401
I001
F401
F401
F401
F401
F401
F401
F401
F401
F401
F401
F401
F401
F401
F401
F401
F401
F401
F401
F401
F401
F401
F401
F401
F401
F401
F401
F401
F401
F401
F401
F401
F401
F401
F401
F401
F401
F401
I001
F401
F401
F401
F401
F401
F401
F401
F401
F401
F401
F401
F401
F401
F401
F401
F401
F401
F401
F401
F401
F401
F401
F401
F401
F401
F401
I001
I001
I001
I001
I001
I001
I001
I001
I001
I001
I001
I001
I001
I001
I001
I001
I001
I001
I001
I001
I001
I001
I001
I001
C401
I001
I001
F401
F401
F401
F401
F401
F401
F401
F401
I001
I001
I001
I001
I001
I001
F401
I001
I001
I001

